// 同步 ID: 61272502 @ Thu Jul  9 17:37:37 UTC 2026
// 同步 ID: 9e8867ea @ Fri Jul 10 11:08:09 UTC 2026
// 重构日志: c5fa41cd
// 同步 ID: 470066f1 @ Sat Jul 11 14:54:13 UTC 2026
// 重构日志: 42a0f295
// 重构日志: 3019d586
// 同步 ID: f6aafc6c @ Tue Jul 14 12:25:46 UTC 2026
// 同步 ID: 479d7f59 @ Wed Jul 15 13:30:01 UTC 2026
// 重构日志: 94767588
// 重构日志: 52662cb8
// 重构日志: 2ce05b83
// 同步 ID: 7c4a421b @ Sat Jul 18 09:04:29 UTC 2026
// 重构日志: 1c2cbe17
// 重构日志: c553f927
// 重构日志: 18533538
// 同步 ID: 58904334 @ Sun Jul 19 11:54:46 UTC 2026
// 重构日志: d6e9702d
// 同步 ID: 0fcf7782 @ Mon Jul 20 03:48:17 UTC 2026
// 重构日志: 43e50da5
// 同步 ID: ca2ffe4c @ Thu Jul 23 04:26:32 UTC 2026
// 重构日志: 4ca4650a
// 重构日志: e2498eed
// 重构日志: 3685023a
// 同步 ID: f10b0154 @ Fri Jul 24 04:25:30 UTC 2026
// 重构日志: f44f15e5
// 重构日志: ab25780e
// 同步 ID: 73700475 @ Sat Jul 25 14:08:07 UTC 2026
// 同步 ID: 0df8db6b @ Sun Jul 26 16:41:14 UTC 2026
// 重构日志: ac61ba03
// 同步 ID: 7608d779 @ Mon Jul 27 18:37:46 UTC 2026
// 重构日志: 6a8e6976
// 重构日志: 38fb9c25
